// Jest Snapshot v1, https://goo.gl/fbAQLP

exports[`registration should not register an user with the same username 1`] = `
Object {
  "data": Object {
    "registerUser": Object {
      "email": "test@email.com",
      "name": "Rafael",
      "username": "rafael",
    },
  },
}
`;

exports[`registration should not register an user with the same username 2`] = `
Object {
  "data": null,
  "errors": Array [
    [GraphQLError: This username is already in use],
  ],
}
`;

exports[`registration should register an user 1`] = `
Object {
  "data": Object {
    "registerUser": Object {
      "email": "test@email.com",
      "name": "Rafael",
      "username": "rafael",
    },
  },
}
`;
